
> react-kavia@0.1.0 start
> cross-env EDIT_MODE=true webpack serve --config .ve/webpack.config.js --mode development

<i> [webpack-dev-server] Project is running at:
<i> [webpack-dev-server] Loopback: http://localhost:3000/, http://[::1]:3000/
<i> [webpack-dev-server] On Your Network (IPv4): http://172.17.0.2:3000/
<i> [webpack-dev-server] Content not from webpack is served from './public' directory
Injecting EditorRootWrapper import: ../.ve/EditorRootWrapper
asset bundle.js 1.39 MiB [emitted] (name: main)
asset index.html 1.98 KiB [emitted]
runtime modules 27.5 KiB 14 modules
modules by path ./node_modules/ 1.24 MiB 31 modules
modules by path ./src/ 10.2 KiB
  modules by path ./src/*.css 7.49 KiB 4 modules
  modules by path ./src/*.js 2.75 KiB
    ./src/index.js 530 bytes [built] [code generated]
    ./src/App.js 2.24 KiB [built] [code generated]
modules by path ./.ve/ 15.1 KiB
  modules by path ./.ve/*.js 10.6 KiB 2 modules
  modules by path ./.ve/*.css 2.93 KiB
    ./.ve/EditorOverlay.css 2.25 KiB [built] [code generated]
    ./node_modules/css-loader/dist/cjs.js!./.ve/EditorOverlay.css 697 bytes [built] [code generated]
  ./.ve/EditorOverlay.jsx 1.58 KiB [built] [code generated]
webpack 5.99.9 compiled successfully in 1387 ms
assets by status 1.98 KiB [cached] 1 asset
assets by path *.js 1.42 MiB
  asset bundle.js 1.4 MiB [emitted] (name: main)
  asset main.2601a7f1bde5991be6d2.hot-update.js 15 KiB [emitted] [immutable] [hmr] (name: main)
asset main.2601a7f1bde5991be6d2.hot-update.json 28 bytes [emitted] [immutable] [hmr]
Entrypoint main 1.42 MiB = bundle.js 1.4 MiB main.2601a7f1bde5991be6d2.hot-update.js 15 KiB
cached modules 1.26 MiB [cached] 40 modules
runtime modules 27.5 KiB 14 modules
javascript modules 9.85 KiB
  ./src/index.js 530 bytes [code generated]
  ./src/App.js 6.42 KiB [built] [code generated]
  ./src/api.js 2.9 KiB [built] [code generated]

ERROR in ./src/App.js 4:0-32
Module not found: Error: Can't resolve './Sidebar' in '/home/kavia/workspace/code-generation/recipehub-28866-dcb17b32/recipe_frontend_workspace/recipe_frontend/src'
 @ ./src/index.js 5:0-24 11:32-35

ERROR in ./src/App.js 5:0-38
Module not found: Error: Can't resolve './RecipeList' in '/home/kavia/workspace/code-generation/recipehub-28866-dcb17b32/recipe_frontend_workspace/recipe_frontend/src'
 @ ./src/index.js 5:0-24 11:32-35

ERROR in ./src/App.js 6:0-34
Module not found: Error: Can't resolve './AuthPage' in '/home/kavia/workspace/code-generation/recipehub-28866-dcb17b32/recipe_frontend_workspace/recipe_frontend/src'
 @ ./src/index.js 5:0-24 11:32-35

ERROR in ./src/App.js 7:0-40
Module not found: Error: Can't resolve './RecipeModal' in '/home/kavia/workspace/code-generation/recipehub-28866-dcb17b32/recipe_frontend_workspace/recipe_frontend/src'
 @ ./src/index.js 5:0-24 11:32-35

4 errors have detailed information that is not shown.
Use 'stats.errorDetails: true' resp. '--stats-error-details' to show it.

webpack 5.99.9 compiled with 4 errors in 178 ms
assets by status 1.98 KiB [cached] 1 asset
assets by path *.js 1.42 MiB
  asset bundle.js 1.41 MiB [emitted] (name: main)
  asset main.cba1996fe4b9b88c098b.hot-update.js 16.2 KiB [emitted] [immutable] [hmr] (name: main)
asset main.cba1996fe4b9b88c098b.hot-update.json 28 bytes [emitted] [immutable] [hmr]
Entrypoint main 1.42 MiB = bundle.js 1.41 MiB main.cba1996fe4b9b88c098b.hot-update.js 16.2 KiB
cached modules 1.26 MiB [cached] 42 modules
runtime modules 27.5 KiB 14 modules
javascript modules 9.43 KiB
  ./src/App.js 6.42 KiB [code generated]
  ./src/Sidebar.js 3 KiB [built] [code generated]

ERROR in ./src/App.js 5:0-38
Module not found: Error: Can't resolve './RecipeList' in '/home/kavia/workspace/code-generation/recipehub-28866-dcb17b32/recipe_frontend_workspace/recipe_frontend/src'
 @ ./src/index.js 5:0-24 11:32-35

ERROR in ./src/App.js 6:0-34
Module not found: Error: Can't resolve './AuthPage' in '/home/kavia/workspace/code-generation/recipehub-28866-dcb17b32/recipe_frontend_workspace/recipe_frontend/src'
 @ ./src/index.js 5:0-24 11:32-35

ERROR in ./src/App.js 7:0-40
Module not found: Error: Can't resolve './RecipeModal' in '/home/kavia/workspace/code-generation/recipehub-28866-dcb17b32/recipe_frontend_workspace/recipe_frontend/src'
 @ ./src/index.js 5:0-24 11:32-35

3 errors have detailed information that is not shown.
Use 'stats.errorDetails: true' resp. '--stats-error-details' to show it.

webpack 5.99.9 compiled with 3 errors in 59 ms
assets by status 1.98 KiB [cached] 1 asset
assets by path *.js 1.43 MiB
  asset bundle.js 1.41 MiB [emitted] (name: main)
  asset main.eba1e1e9c97f7c71b996.hot-update.js 16.7 KiB [emitted] [immutable] [hmr] (name: main)
asset main.eba1e1e9c97f7c71b996.hot-update.json 28 bytes [emitted] [immutable] [hmr]
Entrypoint main 1.43 MiB = bundle.js 1.41 MiB main.eba1e1e9c97f7c71b996.hot-update.js 16.7 KiB
cached modules 1.27 MiB [cached] 43 modules
runtime modules 27.5 KiB 14 modules
javascript modules 9.75 KiB
  ./src/App.js 6.42 KiB [code generated]
  ./src/RecipeList.js 3.33 KiB [built] [code generated]

ERROR in ./src/App.js 6:0-34
Module not found: Error: Can't resolve './AuthPage' in '/home/kavia/workspace/code-generation/recipehub-28866-dcb17b32/recipe_frontend_workspace/recipe_frontend/src'
resolve './AuthPage' in '/home/kavia/workspace/code-generation/recipehub-28866-dcb17b32/recipe_frontend_workspace/recipe_frontend/src'
  using description file: /home/kavia/workspace/code-generation/recipehub-28866-dcb17b32/recipe_frontend_workspace/recipe_frontend/package.json (relative path: ./src)
    Field 'browser' doesn't contain a valid alias configuration
    using description file: /home/kavia/workspace/code-generation/recipehub-28866-dcb17b32/recipe_frontend_workspace/recipe_frontend/package.json (relative path: ./src/AuthPage)
      no extension
        Field 'browser' doesn't contain a valid alias configuration
        /home/kavia/workspace/code-generation/recipehub-28866-dcb17b32/recipe_frontend_workspace/recipe_frontend/src/AuthPage doesn't exist
      .js
        Field 'browser' doesn't contain a valid alias configuration
        /home/kavia/workspace/code-generation/recipehub-28866-dcb17b32/recipe_frontend_workspace/recipe_frontend/src/AuthPage.js doesn't exist
      .jsx
        Field 'browser' doesn't contain a valid alias configuration
        /home/kavia/workspace/code-generation/recipehub-28866-dcb17b32/recipe_frontend_workspace/recipe_frontend/src/AuthPage.jsx doesn't exist
      as directory
        /home/kavia/workspace/code-generation/recipehub-28866-dcb17b32/recipe_frontend_workspace/recipe_frontend/src/AuthPage doesn't exist
 @ ./src/index.js 5:0-24 11:32-35

ERROR in ./src/App.js 7:0-40
Module not found: Error: Can't resolve './RecipeModal' in '/home/kavia/workspace/code-generation/recipehub-28866-dcb17b32/recipe_frontend_workspace/recipe_frontend/src'
resolve './RecipeModal' in '/home/kavia/workspace/code-generation/recipehub-28866-dcb17b32/recipe_frontend_workspace/recipe_frontend/src'
  using description file: /home/kavia/workspace/code-generation/recipehub-28866-dcb17b32/recipe_frontend_workspace/recipe_frontend/package.json (relative path: ./src)
    Field 'browser' doesn't contain a valid alias configuration
    using description file: /home/kavia/workspace/code-generation/recipehub-28866-dcb17b32/recipe_frontend_workspace/recipe_frontend/package.json (relative path: ./src/RecipeModal)
      no extension
        Field 'browser' doesn't contain a valid alias configuration
        /home/kavia/workspace/code-generation/recipehub-28866-dcb17b32/recipe_frontend_workspace/recipe_frontend/src/RecipeModal doesn't exist
      .js
        Field 'browser' doesn't contain a valid alias configuration
        /home/kavia/workspace/code-generation/recipehub-28866-dcb17b32/recipe_frontend_workspace/recipe_frontend/src/RecipeModal.js doesn't exist
      .jsx
        Field 'browser' doesn't contain a valid alias configuration
        /home/kavia/workspace/code-generation/recipehub-28866-dcb17b32/recipe_frontend_workspace/recipe_frontend/src/RecipeModal.jsx doesn't exist
      as directory
        /home/kavia/workspace/code-generation/recipehub-28866-dcb17b32/recipe_frontend_workspace/recipe_frontend/src/RecipeModal doesn't exist
 @ ./src/index.js 5:0-24 11:32-35

webpack 5.99.9 compiled with 2 errors in 53 ms
assets by status 1.98 KiB [cached] 1 asset
assets by path *.js 1.43 MiB
  asset bundle.js 1.42 MiB [emitted] (name: main)
  asset main.f751d6ca3d30aede2775.hot-update.js 16.4 KiB [emitted] [immutable] [hmr] (name: main)
asset main.f751d6ca3d30aede2775.hot-update.json 28 bytes [emitted] [immutable] [hmr]
Entrypoint main 1.43 MiB = bundle.js 1.42 MiB main.f751d6ca3d30aede2775.hot-update.js 16.4 KiB
cached modules 1.27 MiB [cached] 44 modules
runtime modules 27.5 KiB 14 modules
javascript modules 9.88 KiB
  ./src/App.js 6.42 KiB [code generated]
  ./src/AuthPage.js 3.45 KiB [built] [code generated]

ERROR in ./src/App.js 7:0-40
Module not found: Error: Can't resolve './RecipeModal' in '/home/kavia/workspace/code-generation/recipehub-28866-dcb17b32/recipe_frontend_workspace/recipe_frontend/src'
resolve './RecipeModal' in '/home/kavia/workspace/code-generation/recipehub-28866-dcb17b32/recipe_frontend_workspace/recipe_frontend/src'
  using description file: /home/kavia/workspace/code-generation/recipehub-28866-dcb17b32/recipe_frontend_workspace/recipe_frontend/package.json (relative path: ./src)
    Field 'browser' doesn't contain a valid alias configuration
    using description file: /home/kavia/workspace/code-generation/recipehub-28866-dcb17b32/recipe_frontend_workspace/recipe_frontend/package.json (relative path: ./src/RecipeModal)
      no extension
        Field 'browser' doesn't contain a valid alias configuration
        /home/kavia/workspace/code-generation/recipehub-28866-dcb17b32/recipe_frontend_workspace/recipe_frontend/src/RecipeModal doesn't exist
      .js
        Field 'browser' doesn't contain a valid alias configuration
        /home/kavia/workspace/code-generation/recipehub-28866-dcb17b32/recipe_frontend_workspace/recipe_frontend/src/RecipeModal.js doesn't exist
      .jsx
        Field 'browser' doesn't contain a valid alias configuration
        /home/kavia/workspace/code-generation/recipehub-28866-dcb17b32/recipe_frontend_workspace/recipe_frontend/src/RecipeModal.jsx doesn't exist
      as directory
        /home/kavia/workspace/code-generation/recipehub-28866-dcb17b32/recipe_frontend_workspace/recipe_frontend/src/RecipeModal doesn't exist
 @ ./src/index.js 5:0-24 11:32-35

webpack 5.99.9 compiled with 1 error in 64 ms
assets by status 1.98 KiB [cached] 1 asset
assets by path *.js 1.44 MiB
  asset bundle.js 1.42 MiB [emitted] (name: main)
  asset main.01c709aa19ad215ee60d.hot-update.js 19 KiB [emitted] [immutable] [hmr] (name: main)
asset main.01c709aa19ad215ee60d.hot-update.json 28 bytes [emitted] [immutable] [hmr]
Entrypoint main 1.44 MiB = bundle.js 1.42 MiB main.01c709aa19ad215ee60d.hot-update.js 19 KiB
cached modules 1.27 MiB [cached] 45 modules
runtime modules 27.5 KiB 14 modules
javascript modules 11.9 KiB
  ./src/App.js 6.42 KiB [code generated]
  ./src/RecipeModal.js 5.46 KiB [built] [code generated]
webpack 5.99.9 compiled successfully in 77 ms
assets by status 1.98 KiB [cached] 1 asset
assets by path *.js 1.43 MiB
  asset bundle.js 1.42 MiB [emitted] (name: main)
  asset main.d315eae9baf80b7e7acb.hot-update.js 4.7 KiB [emitted] [immutable] [hmr] (name: main)
asset main.d315eae9baf80b7e7acb.hot-update.json 28 bytes [emitted] [immutable] [hmr]
Entrypoint main 1.43 MiB = bundle.js 1.42 MiB main.d315eae9baf80b7e7acb.hot-update.js 4.7 KiB
cached modules 1.28 MiB [cached] 46 modules
runtime modules 27.5 KiB 14 modules
./node_modules/css-loader/dist/cjs.js!./src/App.css 2.24 KiB [built] [code generated]
webpack 5.99.9 compiled successfully in 37 ms
assets by status 1.98 KiB [cached] 1 asset
assets by path *.js 1.44 MiB
  asset bundle.js 1.43 MiB [emitted] (name: main)
  asset main.9e59cb6b20d53cb77f9d.hot-update.js 8.19 KiB [emitted] [immutable] [hmr] (name: main)
asset main.9e59cb6b20d53cb77f9d.hot-update.json 28 bytes [emitted] [immutable] [hmr]
Entrypoint main 1.44 MiB = bundle.js 1.43 MiB main.9e59cb6b20d53cb77f9d.hot-update.js 8.19 KiB
cached modules 1.28 MiB [cached] 46 modules
runtime modules 27.5 KiB 14 modules
./node_modules/css-loader/dist/cjs.js!./src/App.css 5.58 KiB [built] [code generated]
webpack 5.99.9 compiled successfully in 33 ms
